// Jest Snapshot v1, https://goo.gl/fbAQLP

exports[`Prueba para el componente <PrivateRoute /> debe mostrar el componente si est√° autenticado y guardar en el localstorage 1`] = `
<h1>
  Private Component
</h1>
`;
