// Jest Snapshot v1, https://goo.gl/fbAQLP

exports[`Prueba para el componente <LoginScreen /> debe de mostrarse correctamente 1`] = `
<div
  className="text-center d-flex align-items-center vh-100"
>
  <main
    className="form-signin"
  >
    <form
      onSubmit={[Function]}
    >
      <img
        alt=""
        className="mb-4"
        height="57"
        src="https://getbootstrap.com/docs/5.0/assets/brand/bootstrap-logo.svg"
        width="72"
      />
      <h1
        className="h3 mb-3 fw-normal"
      >
        Please sign in
      </h1>
      <button
        className="w-100 btn btn-lg btn-primary"
        type="submit"
      >
        Sign in
      </button>
      <p
        className="mt-5 mb-3 text-muted"
      >
        Â© 
        2022
      </p>
    </form>
  </main>
</div>
`;
